device mps; development set 1748 images, 1747 groups; sources ['Fitzpatrick17k']
/Users/tishy/Library/Python/3.9/lib/python/site-packages/sklearn/model_selection/_split.py:1023: UserWarning: The least populated class in y has only 4 members, which is less than n_splits=6.
  warnings.warn(

=== fold 0: inner-train 1166, inner-val 233, outer 349 images ===
fold 0 stage 1 epoch 1: loss 0.7485 inner-val macro-AUC 0.7430 {'Fitzpatrick17k': 0.743}
fold 0 stage 1 epoch 2: loss 0.4884 inner-val macro-AUC 0.7788 {'Fitzpatrick17k': 0.779}
fold 0 stage 1 epoch 3: loss 0.4032 inner-val macro-AUC 0.7745 {'Fitzpatrick17k': 0.775}
fold 0 stage 1 epoch 4: loss 0.3078 inner-val macro-AUC 0.7791 {'Fitzpatrick17k': 0.779}
fold 0 stage 1 epoch 5: loss 0.2559 inner-val macro-AUC 0.8054 {'Fitzpatrick17k': 0.805}
fold 0 stage 1 epoch 6: loss 0.2234 inner-val macro-AUC 0.7921 {'Fitzpatrick17k': 0.792}
fold 0 stage 1 epoch 7: loss 0.1847 inner-val macro-AUC 0.7906 {'Fitzpatrick17k': 0.791}
fold 0 stage 1 epoch 8: loss 0.1380 inner-val macro-AUC 0.8166 {'Fitzpatrick17k': 0.817}
fold 0 stage 1 epoch 9: loss 0.1124 inner-val macro-AUC 0.8053 {'Fitzpatrick17k': 0.805}
fold 0 stage 1 epoch 10: loss 0.1096 inner-val macro-AUC 0.7910 {'Fitzpatrick17k': 0.791}
fold 0 stage 1 epoch 11: loss 0.1196 inner-val macro-AUC 0.7952 {'Fitzpatrick17k': 0.795}
fold 0 stage 1 epoch 12: loss 0.0990 inner-val macro-AUC 0.7586 {'Fitzpatrick17k': 0.759}
fold 0 stage 2 epoch 1: loss 0.1248 inner-val macro-AUC 0.8158 {'Fitzpatrick17k': 0.816}
fold 0 stage 2 epoch 2: loss 0.1147 inner-val macro-AUC 0.8197 {'Fitzpatrick17k': 0.82}
fold 0 stage 2 epoch 3: loss 0.0928 inner-val macro-AUC 0.8108 {'Fitzpatrick17k': 0.811}
fold 0 stage 2 epoch 4: loss 0.0839 inner-val macro-AUC 0.8067 {'Fitzpatrick17k': 0.807}
fold 0 stage 2 epoch 5: loss 0.0827 inner-val macro-AUC 0.8102 {'Fitzpatrick17k': 0.81}
fold 0 stage 2 epoch 6: loss 0.0855 inner-val macro-AUC 0.8062 {'Fitzpatrick17k': 0.806}
fold 0 OUTER macro-AUC 0.7511 {'Fitzpatrick17k': 0.7511486169714018}

=== fold 1: inner-train 1166, inner-val 233, outer 349 images ===
fold 1 stage 1 epoch 1: loss 0.7405 inner-val macro-AUC 0.6916 {'Fitzpatrick17k': 0.692}
fold 1 stage 1 epoch 2: loss 0.4973 inner-val macro-AUC 0.7085 {'Fitzpatrick17k': 0.709}
fold 1 stage 1 epoch 3: loss 0.3902 inner-val macro-AUC 0.6915 {'Fitzpatrick17k': 0.691}
fold 1 stage 1 epoch 4: loss 0.2815 inner-val macro-AUC 0.7054 {'Fitzpatrick17k': 0.705}
fold 1 stage 1 epoch 5: loss 0.2656 inner-val macro-AUC 0.7133 {'Fitzpatrick17k': 0.713}
fold 1 stage 1 epoch 6: loss 0.1933 inner-val macro-AUC 0.7048 {'Fitzpatrick17k': 0.705}
fold 1 stage 1 epoch 7: loss 0.1685 inner-val macro-AUC 0.6943 {'Fitzpatrick17k': 0.694}
fold 1 stage 1 epoch 8: loss 0.1542 inner-val macro-AUC 0.6797 {'Fitzpatrick17k': 0.68}
fold 1 stage 1 epoch 9: loss 0.1255 inner-val macro-AUC 0.6993 {'Fitzpatrick17k': 0.699}
fold 1 stage 2 epoch 1: loss 0.2098 inner-val macro-AUC 0.7131 {'Fitzpatrick17k': 0.713}
fold 1 stage 2 epoch 2: loss 0.1909 inner-val macro-AUC 0.7168 {'Fitzpatrick17k': 0.717}
fold 1 stage 2 epoch 3: loss 0.1788 inner-val macro-AUC 0.7207 {'Fitzpatrick17k': 0.721}
fold 1 stage 2 epoch 4: loss 0.1547 inner-val macro-AUC 0.7098 {'Fitzpatrick17k': 0.71}
fold 1 stage 2 epoch 5: loss 0.1424 inner-val macro-AUC 0.7072 {'Fitzpatrick17k': 0.707}
fold 1 stage 2 epoch 6: loss 0.1288 inner-val macro-AUC 0.7074 {'Fitzpatrick17k': 0.707}
fold 1 stage 2 epoch 7: loss 0.1034 inner-val macro-AUC 0.7105 {'Fitzpatrick17k': 0.71}
fold 1 OUTER macro-AUC 0.8275 {'Fitzpatrick17k': 0.8274503274503274}
/Users/tishy/Library/Python/3.9/lib/python/site-packages/sklearn/model_selection/_split.py:1023: UserWarning: The least populated class in y has only 5 members, which is less than n_splits=6.
  warnings.warn(

=== fold 2: inner-train 1164, inner-val 233, outer 351 images ===
fold 2 stage 1 epoch 1: loss 0.8317 inner-val macro-AUC 0.7151 {'Fitzpatrick17k': 0.715}
fold 2 stage 1 epoch 2: loss 0.4983 inner-val macro-AUC 0.7329 {'Fitzpatrick17k': 0.733}
fold 2 stage 1 epoch 3: loss 0.3839 inner-val macro-AUC 0.7434 {'Fitzpatrick17k': 0.743}
fold 2 stage 1 epoch 4: loss 0.2992 inner-val macro-AUC 0.7335 {'Fitzpatrick17k': 0.733}
fold 2 stage 1 epoch 5: loss 0.2346 inner-val macro-AUC 0.7287 {'Fitzpatrick17k': 0.729}
fold 2 stage 1 epoch 6: loss 0.2098 inner-val macro-AUC 0.7485 {'Fitzpatrick17k': 0.748}
fold 2 stage 1 epoch 7: loss 0.2002 inner-val macro-AUC 0.7515 {'Fitzpatrick17k': 0.752}
fold 2 stage 1 epoch 8: loss 0.1759 inner-val macro-AUC 0.7585 {'Fitzpatrick17k': 0.759}
fold 2 stage 1 epoch 9: loss 0.1446 inner-val macro-AUC 0.7518 {'Fitzpatrick17k': 0.752}
fold 2 stage 1 epoch 10: loss 0.1003 inner-val macro-AUC 0.7650 {'Fitzpatrick17k': 0.765}
fold 2 stage 1 epoch 11: loss 0.0818 inner-val macro-AUC 0.7679 {'Fitzpatrick17k': 0.768}
fold 2 stage 1 epoch 12: loss 0.0962 inner-val macro-AUC 0.7729 {'Fitzpatrick17k': 0.773}
fold 2 stage 1 epoch 13: loss 0.1175 inner-val macro-AUC 0.7736 {'Fitzpatrick17k': 0.774}
fold 2 stage 1 epoch 14: loss 0.0555 inner-val macro-AUC 0.7785 {'Fitzpatrick17k': 0.779}
fold 2 stage 1 epoch 15: loss 0.0542 inner-val macro-AUC 0.7663 {'Fitzpatrick17k': 0.766}
fold 2 stage 2 epoch 1: loss 0.0659 inner-val macro-AUC 0.7844 {'Fitzpatrick17k': 0.784}
fold 2 stage 2 epoch 2: loss 0.0550 inner-val macro-AUC 0.7869 {'Fitzpatrick17k': 0.787}
fold 2 stage 2 epoch 3: loss 0.0516 inner-val macro-AUC 0.7910 {'Fitzpatrick17k': 0.791}
fold 2 stage 2 epoch 4: loss 0.0430 inner-val macro-AUC 0.7949 {'Fitzpatrick17k': 0.795}
fold 2 stage 2 epoch 5: loss 0.0449 inner-val macro-AUC 0.7946 {'Fitzpatrick17k': 0.795}
fold 2 stage 2 epoch 6: loss 0.0494 inner-val macro-AUC 0.7868 {'Fitzpatrick17k': 0.787}
fold 2 stage 2 epoch 7: loss 0.0465 inner-val macro-AUC 0.7851 {'Fitzpatrick17k': 0.785}
fold 2 stage 2 epoch 8: loss 0.0368 inner-val macro-AUC 0.7845 {'Fitzpatrick17k': 0.784}
fold 2 OUTER macro-AUC 0.8169 {'Fitzpatrick17k': 0.8169259345251916}

=== fold 3: inner-train 1165, inner-val 233, outer 350 images ===
fold 3 stage 1 epoch 1: loss 0.8101 inner-val macro-AUC 0.7107 {'Fitzpatrick17k': 0.711}
fold 3 stage 1 epoch 2: loss 0.4852 inner-val macro-AUC 0.7885 {'Fitzpatrick17k': 0.788}
fold 3 stage 1 epoch 3: loss 0.3657 inner-val macro-AUC 0.8075 {'Fitzpatrick17k': 0.808}
fold 3 stage 1 epoch 4: loss 0.3161 inner-val macro-AUC 0.7993 {'Fitzpatrick17k': 0.799}
fold 3 stage 1 epoch 5: loss 0.2513 inner-val macro-AUC 0.8094 {'Fitzpatrick17k': 0.809}
fold 3 stage 1 epoch 6: loss 0.2016 inner-val macro-AUC 0.7909 {'Fitzpatrick17k': 0.791}
fold 3 stage 1 epoch 7: loss 0.1705 inner-val macro-AUC 0.8083 {'Fitzpatrick17k': 0.808}
fold 3 stage 1 epoch 8: loss 0.1256 inner-val macro-AUC 0.8130 {'Fitzpatrick17k': 0.813}
fold 3 stage 1 epoch 9: loss 0.1380 inner-val macro-AUC 0.8044 {'Fitzpatrick17k': 0.804}
fold 3 stage 1 epoch 10: loss 0.1220 inner-val macro-AUC 0.8214 {'Fitzpatrick17k': 0.821}
fold 3 stage 1 epoch 11: loss 0.1056 inner-val macro-AUC 0.8110 {'Fitzpatrick17k': 0.811}
fold 3 stage 1 epoch 12: loss 0.1041 inner-val macro-AUC 0.7959 {'Fitzpatrick17k': 0.796}
fold 3 stage 1 epoch 13: loss 0.0728 inner-val macro-AUC 0.8340 {'Fitzpatrick17k': 0.834}
fold 3 stage 1 epoch 14: loss 0.0588 inner-val macro-AUC 0.8363 {'Fitzpatrick17k': 0.836}
fold 3 stage 1 epoch 15: loss 0.0512 inner-val macro-AUC 0.8181 {'Fitzpatrick17k': 0.818}
fold 3 stage 2 epoch 1: loss 0.0796 inner-val macro-AUC 0.8019 {'Fitzpatrick17k': 0.802}
fold 3 stage 2 epoch 2: loss 0.0539 inner-val macro-AUC 0.8089 {'Fitzpatrick17k': 0.809}
fold 3 stage 2 epoch 3: loss 0.0515 inner-val macro-AUC 0.8090 {'Fitzpatrick17k': 0.809}
fold 3 stage 2 epoch 4: loss 0.0424 inner-val macro-AUC 0.8045 {'Fitzpatrick17k': 0.805}
fold 3 OUTER macro-AUC 0.7784 {'Fitzpatrick17k': 0.7784332633728516}
/Users/tishy/Library/Python/3.9/lib/python/site-packages/sklearn/model_selection/_split.py:1023: UserWarning: The least populated class in y has only 5 members, which is less than n_splits=6.
  warnings.warn(

=== fold 4: inner-train 1166, inner-val 233, outer 349 images ===
fold 4 stage 1 epoch 1: loss 0.7819 inner-val macro-AUC 0.6891 {'Fitzpatrick17k': 0.689}
fold 4 stage 1 epoch 2: loss 0.4622 inner-val macro-AUC 0.6977 {'Fitzpatrick17k': 0.698}
fold 4 stage 1 epoch 3: loss 0.3427 inner-val macro-AUC 0.7332 {'Fitzpatrick17k': 0.733}
fold 4 stage 1 epoch 4: loss 0.3056 inner-val macro-AUC 0.7275 {'Fitzpatrick17k': 0.727}
fold 4 stage 1 epoch 5: loss 0.2631 inner-val macro-AUC 0.7525 {'Fitzpatrick17k': 0.752}
fold 4 stage 1 epoch 6: loss 0.1972 inner-val macro-AUC 0.7718 {'Fitzpatrick17k': 0.772}
fold 4 stage 1 epoch 7: loss 0.1464 inner-val macro-AUC 0.7356 {'Fitzpatrick17k': 0.736}
fold 4 stage 1 epoch 8: loss 0.1287 inner-val macro-AUC 0.7425 {'Fitzpatrick17k': 0.742}
fold 4 stage 1 epoch 9: loss 0.1115 inner-val macro-AUC 0.7343 {'Fitzpatrick17k': 0.734}
fold 4 stage 1 epoch 10: loss 0.0981 inner-val macro-AUC 0.7465 {'Fitzpatrick17k': 0.747}
fold 4 stage 2 epoch 1: loss 0.1648 inner-val macro-AUC 0.7740 {'Fitzpatrick17k': 0.774}
fold 4 stage 2 epoch 2: loss 0.1289 inner-val macro-AUC 0.7733 {'Fitzpatrick17k': 0.773}
fold 4 stage 2 epoch 3: loss 0.1272 inner-val macro-AUC 0.7679 {'Fitzpatrick17k': 0.768}
fold 4 stage 2 epoch 4: loss 0.1202 inner-val macro-AUC 0.7798 {'Fitzpatrick17k': 0.78}
fold 4 stage 2 epoch 5: loss 0.1147 inner-val macro-AUC 0.7829 {'Fitzpatrick17k': 0.783}
fold 4 stage 2 epoch 6: loss 0.0950 inner-val macro-AUC 0.7874 {'Fitzpatrick17k': 0.787}
fold 4 stage 2 epoch 7: loss 0.0999 inner-val macro-AUC 0.7785 {'Fitzpatrick17k': 0.778}
fold 4 stage 2 epoch 8: loss 0.1105 inner-val macro-AUC 0.7677 {'Fitzpatrick17k': 0.768}
fold 4 stage 2 epoch 9: loss 0.0881 inner-val macro-AUC 0.7802 {'Fitzpatrick17k': 0.78}
fold 4 stage 2 epoch 10: loss 0.0808 inner-val macro-AUC 0.7689 {'Fitzpatrick17k': 0.769}
fold 4 OUTER macro-AUC 0.7805 {'Fitzpatrick17k': 0.7804742121795522}
{
  "all": {
    "auc": 0.7866,
    "ci_low": 0.7602,
    "ci_high": 0.8147,
    "n_images": 1748,
    "n_cases": 1747,
    "n_pos": 333
  },
  "zero_shot_all": {
    "auc": 0.6176,
    "ci_low": 0.5866,
    "ci_high": 0.6506,
    "n_images": 1748,
    "n_cases": 1747,
    "n_pos": 333
  },
  "Fitzpatrick17k": {
    "all": {
      "auc": 0.7866,
      "ci_low": 0.7602,
      "ci_high": 0.8147,
      "n_images": 1748,
      "n_cases": 1747,
      "n_pos": 333
    },
    "zero_shot": {
      "auc": 0.6176,
      "ci_low": 0.5866,
      "ci_high": 0.6506,
      "n_images": 1748,
      "n_cases": 1747,
      "n_pos": 333
    },
    "I-II": {
      "auc": 0.7739,
      "ci_low": 0.736,
      "ci_high": 0.8128,
      "n_images": 876,
      "n_cases": 875,
      "n_pos": 167
    },
    "III-IV": {
      "auc": 0.7838,
      "ci_low": 0.7337,
      "ci_high": 0.8333,
      "n_images": 585,
      "n_cases": 585,
      "n_pos": 114
    },
    "V-VI": {
      "auc": 0.8252,
      "ci_low": 0.7538,
      "ci_high": 0.8892,
      "n_images": 238,
      "n_cases": 238,
      "n_pos": 45
    }
  },
  "by_fst_all_sources": {
    "I-II": {
      "auc": 0.7739,
      "ci_low": 0.736,
      "ci_high": 0.8128,
      "n_images": 876,
      "n_cases": 875,
      "n_pos": 167
    },
    "III-IV": {
      "auc": 0.7838,
      "ci_low": 0.7337,
      "ci_high": 0.8333,
      "n_images": 585,
      "n_cases": 585,
      "n_pos": 114
    },
    "V-VI": {
      "auc": 0.8252,
      "ci_low": 0.7538,
      "ci_high": 0.8892,
      "n_images": 238,
      "n_cases": 238,
      "n_pos": 45
    }
  }
}
per-fold macro-AUC mean 0.7909 sd 0.0278
