device mps; development set 1477 images, 669 groups; sources ['SCIN']

=== fold 0: inner-train 1005, inner-val 188, outer 284 images ===
fold 0 stage 1 epoch 1: loss 0.7795 inner-val macro-AUC 0.6143 {'SCIN': 0.614}
fold 0 stage 1 epoch 2: loss 0.6754 inner-val macro-AUC 0.6719 {'SCIN': 0.672}
fold 0 stage 1 epoch 3: loss 0.6410 inner-val macro-AUC 0.7126 {'SCIN': 0.713}
fold 0 stage 1 epoch 4: loss 0.6242 inner-val macro-AUC 0.7290 {'SCIN': 0.729}
fold 0 stage 1 epoch 5: loss 0.6034 inner-val macro-AUC 0.7200 {'SCIN': 0.72}
fold 0 stage 1 epoch 6: loss 0.5844 inner-val macro-AUC 0.6994 {'SCIN': 0.699}
fold 0 stage 1 epoch 7: loss 0.5866 inner-val macro-AUC 0.6835 {'SCIN': 0.684}
fold 0 stage 1 epoch 8: loss 0.5717 inner-val macro-AUC 0.7070 {'SCIN': 0.707}
fold 0 stage 2 epoch 1: loss 0.6118 inner-val macro-AUC 0.7296 {'SCIN': 0.73}
fold 0 stage 2 epoch 2: loss 0.6038 inner-val macro-AUC 0.7254 {'SCIN': 0.725}
fold 0 stage 2 epoch 3: loss 0.5932 inner-val macro-AUC 0.7263 {'SCIN': 0.726}
fold 0 stage 2 epoch 4: loss 0.5820 inner-val macro-AUC 0.7332 {'SCIN': 0.733}
fold 0 stage 2 epoch 5: loss 0.5814 inner-val macro-AUC 0.7310 {'SCIN': 0.731}
fold 0 stage 2 epoch 6: loss 0.5745 inner-val macro-AUC 0.7332 {'SCIN': 0.733}
fold 0 stage 2 epoch 7: loss 0.5729 inner-val macro-AUC 0.7351 {'SCIN': 0.735}
fold 0 stage 2 epoch 8: loss 0.5609 inner-val macro-AUC 0.7348 {'SCIN': 0.735}
fold 0 stage 2 epoch 9: loss 0.5657 inner-val macro-AUC 0.7313 {'SCIN': 0.731}
fold 0 stage 2 epoch 10: loss 0.5607 inner-val macro-AUC 0.7309 {'SCIN': 0.731}
fold 0 stage 2 epoch 11: loss 0.5562 inner-val macro-AUC 0.7225 {'SCIN': 0.723}
fold 0 OUTER macro-AUC 0.5923 {'SCIN': 0.5923025743385024}

=== fold 1: inner-train 989, inner-val 201, outer 287 images ===
fold 1 stage 1 epoch 1: loss 0.7822 inner-val macro-AUC 0.5516 {'SCIN': 0.552}
fold 1 stage 1 epoch 2: loss 0.6745 inner-val macro-AUC 0.6395 {'SCIN': 0.639}
fold 1 stage 1 epoch 3: loss 0.6435 inner-val macro-AUC 0.6601 {'SCIN': 0.66}
fold 1 stage 1 epoch 4: loss 0.6332 inner-val macro-AUC 0.6670 {'SCIN': 0.667}
fold 1 stage 1 epoch 5: loss 0.6232 inner-val macro-AUC 0.6737 {'SCIN': 0.674}
fold 1 stage 1 epoch 6: loss 0.5939 inner-val macro-AUC 0.6830 {'SCIN': 0.683}
fold 1 stage 1 epoch 7: loss 0.5799 inner-val macro-AUC 0.6924 {'SCIN': 0.692}
fold 1 stage 1 epoch 8: loss 0.5800 inner-val macro-AUC 0.6894 {'SCIN': 0.689}
fold 1 stage 1 epoch 9: loss 0.5484 inner-val macro-AUC 0.6655 {'SCIN': 0.666}
fold 1 stage 1 epoch 10: loss 0.5453 inner-val macro-AUC 0.7194 {'SCIN': 0.719}
fold 1 stage 1 epoch 11: loss 0.5306 inner-val macro-AUC 0.7059 {'SCIN': 0.706}
fold 1 stage 1 epoch 12: loss 0.5155 inner-val macro-AUC 0.6722 {'SCIN': 0.672}
fold 1 stage 1 epoch 13: loss 0.4919 inner-val macro-AUC 0.6953 {'SCIN': 0.695}
fold 1 stage 1 epoch 14: loss 0.4977 inner-val macro-AUC 0.6932 {'SCIN': 0.693}
fold 1 stage 2 epoch 1: loss 0.5104 inner-val macro-AUC 0.6862 {'SCIN': 0.686}
fold 1 stage 2 epoch 2: loss 0.5155 inner-val macro-AUC 0.7014 {'SCIN': 0.701}
fold 1 stage 2 epoch 3: loss 0.4886 inner-val macro-AUC 0.6793 {'SCIN': 0.679}
fold 1 stage 2 epoch 4: loss 0.4923 inner-val macro-AUC 0.6781 {'SCIN': 0.678}
fold 1 OUTER macro-AUC 0.6301 {'SCIN': 0.6301369863013699}

=== fold 2: inner-train 969, inner-val 205, outer 303 images ===
fold 2 stage 1 epoch 1: loss 0.7967 inner-val macro-AUC 0.5470 {'SCIN': 0.547}
fold 2 stage 1 epoch 2: loss 0.6673 inner-val macro-AUC 0.5770 {'SCIN': 0.577}
fold 2 stage 1 epoch 3: loss 0.6327 inner-val macro-AUC 0.6087 {'SCIN': 0.609}
fold 2 stage 1 epoch 4: loss 0.6215 inner-val macro-AUC 0.6107 {'SCIN': 0.611}
fold 2 stage 1 epoch 5: loss 0.6051 inner-val macro-AUC 0.6182 {'SCIN': 0.618}
fold 2 stage 1 epoch 6: loss 0.5828 inner-val macro-AUC 0.6192 {'SCIN': 0.619}
fold 2 stage 1 epoch 7: loss 0.5753 inner-val macro-AUC 0.6479 {'SCIN': 0.648}
fold 2 stage 1 epoch 8: loss 0.5571 inner-val macro-AUC 0.6294 {'SCIN': 0.629}
fold 2 stage 1 epoch 9: loss 0.5664 inner-val macro-AUC 0.6491 {'SCIN': 0.649}
fold 2 stage 1 epoch 10: loss 0.5412 inner-val macro-AUC 0.6532 {'SCIN': 0.653}
fold 2 stage 1 epoch 11: loss 0.5097 inner-val macro-AUC 0.6261 {'SCIN': 0.626}
fold 2 stage 1 epoch 12: loss 0.5099 inner-val macro-AUC 0.6273 {'SCIN': 0.627}
fold 2 stage 1 epoch 13: loss 0.5140 inner-val macro-AUC 0.6221 {'SCIN': 0.622}
fold 2 stage 1 epoch 14: loss 0.4771 inner-val macro-AUC 0.6206 {'SCIN': 0.621}
fold 2 stage 2 epoch 1: loss 0.5190 inner-val macro-AUC 0.6554 {'SCIN': 0.655}
fold 2 stage 2 epoch 2: loss 0.4976 inner-val macro-AUC 0.6539 {'SCIN': 0.654}
fold 2 stage 2 epoch 3: loss 0.4843 inner-val macro-AUC 0.6495 {'SCIN': 0.65}
fold 2 stage 2 epoch 4: loss 0.4848 inner-val macro-AUC 0.6486 {'SCIN': 0.649}
fold 2 stage 2 epoch 5: loss 0.4970 inner-val macro-AUC 0.6466 {'SCIN': 0.647}
fold 2 OUTER macro-AUC 0.6636 {'SCIN': 0.6636444051304733}

=== fold 3: inner-train 984, inner-val 196, outer 297 images ===
fold 3 stage 1 epoch 1: loss 0.7501 inner-val macro-AUC 0.5964 {'SCIN': 0.596}
fold 3 stage 1 epoch 2: loss 0.6589 inner-val macro-AUC 0.6147 {'SCIN': 0.615}
fold 3 stage 1 epoch 3: loss 0.6339 inner-val macro-AUC 0.6391 {'SCIN': 0.639}
fold 3 stage 1 epoch 4: loss 0.6161 inner-val macro-AUC 0.6492 {'SCIN': 0.649}
fold 3 stage 1 epoch 5: loss 0.5997 inner-val macro-AUC 0.6590 {'SCIN': 0.659}
fold 3 stage 1 epoch 6: loss 0.5890 inner-val macro-AUC 0.6633 {'SCIN': 0.663}
fold 3 stage 1 epoch 7: loss 0.5702 inner-val macro-AUC 0.6479 {'SCIN': 0.648}
fold 3 stage 1 epoch 8: loss 0.5605 inner-val macro-AUC 0.6533 {'SCIN': 0.653}
fold 3 stage 1 epoch 9: loss 0.5493 inner-val macro-AUC 0.6458 {'SCIN': 0.646}
fold 3 stage 1 epoch 10: loss 0.5402 inner-val macro-AUC 0.6552 {'SCIN': 0.655}
fold 3 stage 2 epoch 1: loss 0.5601 inner-val macro-AUC 0.6660 {'SCIN': 0.666}
fold 3 stage 2 epoch 2: loss 0.5542 inner-val macro-AUC 0.6657 {'SCIN': 0.666}
fold 3 stage 2 epoch 3: loss 0.5511 inner-val macro-AUC 0.6667 {'SCIN': 0.667}
fold 3 stage 2 epoch 4: loss 0.5386 inner-val macro-AUC 0.6696 {'SCIN': 0.67}
fold 3 stage 2 epoch 5: loss 0.5394 inner-val macro-AUC 0.6658 {'SCIN': 0.666}
fold 3 stage 2 epoch 6: loss 0.5372 inner-val macro-AUC 0.6632 {'SCIN': 0.663}
fold 3 stage 2 epoch 7: loss 0.5288 inner-val macro-AUC 0.6583 {'SCIN': 0.658}
fold 3 stage 2 epoch 8: loss 0.5324 inner-val macro-AUC 0.6667 {'SCIN': 0.667}
fold 3 OUTER macro-AUC 0.6519 {'SCIN': 0.6518758684576194}

=== fold 4: inner-train 966, inner-val 205, outer 306 images ===
fold 4 stage 1 epoch 1: loss 0.7686 inner-val macro-AUC 0.6039 {'SCIN': 0.604}
fold 4 stage 1 epoch 2: loss 0.6579 inner-val macro-AUC 0.6053 {'SCIN': 0.605}
fold 4 stage 1 epoch 3: loss 0.6310 inner-val macro-AUC 0.6367 {'SCIN': 0.637}
fold 4 stage 1 epoch 4: loss 0.6086 inner-val macro-AUC 0.6008 {'SCIN': 0.601}
fold 4 stage 1 epoch 5: loss 0.6009 inner-val macro-AUC 0.6312 {'SCIN': 0.631}
fold 4 stage 1 epoch 6: loss 0.5659 inner-val macro-AUC 0.6001 {'SCIN': 0.6}
fold 4 stage 1 epoch 7: loss 0.5634 inner-val macro-AUC 0.6125 {'SCIN': 0.613}
fold 4 stage 2 epoch 1: loss 0.6003 inner-val macro-AUC 0.6231 {'SCIN': 0.623}
fold 4 stage 2 epoch 2: loss 0.6074 inner-val macro-AUC 0.6149 {'SCIN': 0.615}
fold 4 stage 2 epoch 3: loss 0.5841 inner-val macro-AUC 0.6130 {'SCIN': 0.613}
fold 4 stage 2 epoch 4: loss 0.5924 inner-val macro-AUC 0.6120 {'SCIN': 0.612}
fold 4 OUTER macro-AUC 0.5875 {'SCIN': 0.5875159459816126}
{
  "all": {
    "auc": 0.6228,
    "ci_low": 0.5864,
    "ci_high": 0.6597,
    "n_images": 1477,
    "n_cases": 669,
    "n_pos": 790
  },
  "zero_shot_all": {
    "auc": 0.5104,
    "ci_low": 0.4713,
    "ci_high": 0.5482,
    "n_images": 1477,
    "n_cases": 669,
    "n_pos": 790
  },
  "SCIN": {
    "all": {
      "auc": 0.6228,
      "ci_low": 0.5864,
      "ci_high": 0.6597,
      "n_images": 1477,
      "n_cases": 669,
      "n_pos": 790
    },
    "zero_shot": {
      "auc": 0.5104,
      "ci_low": 0.4713,
      "ci_high": 0.5482,
      "n_images": 1477,
      "n_cases": 669,
      "n_pos": 790
    },
    "I-II": {
      "auc": 0.6121,
      "ci_low": 0.5547,
      "ci_high": 0.6632,
      "n_images": 660,
      "n_cases": 294,
      "n_pos": 338
    },
    "III-IV": {
      "auc": 0.6426,
      "ci_low": 0.5895,
      "ci_high": 0.6957,
      "n_images": 668,
      "n_cases": 300,
      "n_pos": 364
    },
    "V-VI": {
      "auc": 0.5702,
      "ci_low": 0.4272,
      "ci_high": 0.7253,
      "n_images": 119,
      "n_cases": 59,
      "n_pos": 77
    }
  },
  "by_fst_all_sources": {
    "I-II": {
      "auc": 0.6121,
      "ci_low": 0.5547,
      "ci_high": 0.6632,
      "n_images": 660,
      "n_cases": 294,
      "n_pos": 338
    },
    "III-IV": {
      "auc": 0.6426,
      "ci_low": 0.5895,
      "ci_high": 0.6957,
      "n_images": 668,
      "n_cases": 300,
      "n_pos": 364
    },
    "V-VI": {
      "auc": 0.5702,
      "ci_low": 0.4272,
      "ci_high": 0.7253,
      "n_images": 119,
      "n_cases": 59,
      "n_pos": 77
    }
  }
}
per-fold macro-AUC mean 0.6251 sd 0.0307
