device mps; development set 1748 images, 1747 groups; sources ['Fitzpatrick17k']
/Users/tishy/Library/Python/3.9/lib/python/site-packages/sklearn/model_selection/_split.py:1023: UserWarning: The least populated class in y has only 4 members, which is less than n_splits=6.
  warnings.warn(

=== fold 0: inner-train 1166, inner-val 233, outer 349 images ===
fold 0 stage 1 epoch 1: loss 0.7558 inner-val macro-AUC 0.6205 {'Fitzpatrick17k': 0.621}
fold 0 stage 1 epoch 2: loss 0.6921 inner-val macro-AUC 0.6591 {'Fitzpatrick17k': 0.659}
fold 0 stage 1 epoch 3: loss 0.6652 inner-val macro-AUC 0.6847 {'Fitzpatrick17k': 0.685}
fold 0 stage 1 epoch 4: loss 0.6380 inner-val macro-AUC 0.7076 {'Fitzpatrick17k': 0.708}
fold 0 stage 1 epoch 5: loss 0.6238 inner-val macro-AUC 0.7192 {'Fitzpatrick17k': 0.719}
fold 0 stage 1 epoch 6: loss 0.6004 inner-val macro-AUC 0.7250 {'Fitzpatrick17k': 0.725}
fold 0 stage 1 epoch 7: loss 0.5784 inner-val macro-AUC 0.7278 {'Fitzpatrick17k': 0.728}
fold 0 stage 1 epoch 8: loss 0.5604 inner-val macro-AUC 0.7378 {'Fitzpatrick17k': 0.738}
fold 0 stage 1 epoch 9: loss 0.5469 inner-val macro-AUC 0.7397 {'Fitzpatrick17k': 0.74}
fold 0 stage 1 epoch 10: loss 0.5510 inner-val macro-AUC 0.7386 {'Fitzpatrick17k': 0.739}
fold 0 stage 1 epoch 11: loss 0.5170 inner-val macro-AUC 0.7351 {'Fitzpatrick17k': 0.735}
fold 0 stage 1 epoch 12: loss 0.5130 inner-val macro-AUC 0.7460 {'Fitzpatrick17k': 0.746}
fold 0 stage 1 epoch 13: loss 0.4997 inner-val macro-AUC 0.7509 {'Fitzpatrick17k': 0.751}
fold 0 stage 1 epoch 14: loss 0.4826 inner-val macro-AUC 0.7420 {'Fitzpatrick17k': 0.742}
fold 0 stage 1 epoch 15: loss 0.4678 inner-val macro-AUC 0.7504 {'Fitzpatrick17k': 0.75}
fold 0 stage 2 epoch 1: loss 0.5150 inner-val macro-AUC 0.7461 {'Fitzpatrick17k': 0.746}
fold 0 stage 2 epoch 2: loss 0.5162 inner-val macro-AUC 0.7540 {'Fitzpatrick17k': 0.754}
fold 0 stage 2 epoch 3: loss 0.5071 inner-val macro-AUC 0.7552 {'Fitzpatrick17k': 0.755}
fold 0 stage 2 epoch 4: loss 0.5151 inner-val macro-AUC 0.7542 {'Fitzpatrick17k': 0.754}
fold 0 stage 2 epoch 5: loss 0.5080 inner-val macro-AUC 0.7524 {'Fitzpatrick17k': 0.752}
fold 0 stage 2 epoch 6: loss 0.5020 inner-val macro-AUC 0.7553 {'Fitzpatrick17k': 0.755}
fold 0 stage 2 epoch 7: loss 0.5066 inner-val macro-AUC 0.7563 {'Fitzpatrick17k': 0.756}
fold 0 stage 2 epoch 8: loss 0.5054 inner-val macro-AUC 0.7530 {'Fitzpatrick17k': 0.753}
fold 0 stage 2 epoch 9: loss 0.4898 inner-val macro-AUC 0.7502 {'Fitzpatrick17k': 0.75}
fold 0 stage 2 epoch 10: loss 0.4996 inner-val macro-AUC 0.7639 {'Fitzpatrick17k': 0.764}
fold 0 stage 2 epoch 11: loss 0.4919 inner-val macro-AUC 0.7626 {'Fitzpatrick17k': 0.763}
fold 0 stage 2 epoch 12: loss 0.4920 inner-val macro-AUC 0.7603 {'Fitzpatrick17k': 0.76}
fold 0 stage 2 epoch 13: loss 0.4832 inner-val macro-AUC 0.7665 {'Fitzpatrick17k': 0.767}
fold 0 stage 2 epoch 14: loss 0.4901 inner-val macro-AUC 0.7632 {'Fitzpatrick17k': 0.763}
fold 0 stage 2 epoch 15: loss 0.4925 inner-val macro-AUC 0.7594 {'Fitzpatrick17k': 0.759}
fold 0 OUTER macro-AUC 0.7024 {'Fitzpatrick17k': 0.7024378809188935}

=== fold 1: inner-train 1166, inner-val 233, outer 349 images ===
fold 1 stage 1 epoch 1: loss 0.7405 inner-val macro-AUC 0.6446 {'Fitzpatrick17k': 0.645}
fold 1 stage 1 epoch 2: loss 0.7031 inner-val macro-AUC 0.6683 {'Fitzpatrick17k': 0.668}
fold 1 stage 1 epoch 3: loss 0.6494 inner-val macro-AUC 0.6801 {'Fitzpatrick17k': 0.68}
fold 1 stage 1 epoch 4: loss 0.6349 inner-val macro-AUC 0.6875 {'Fitzpatrick17k': 0.687}
fold 1 stage 1 epoch 5: loss 0.6046 inner-val macro-AUC 0.6956 {'Fitzpatrick17k': 0.696}
fold 1 stage 1 epoch 6: loss 0.5978 inner-val macro-AUC 0.7018 {'Fitzpatrick17k': 0.702}
fold 1 stage 1 epoch 7: loss 0.5717 inner-val macro-AUC 0.7064 {'Fitzpatrick17k': 0.706}
fold 1 stage 1 epoch 8: loss 0.5477 inner-val macro-AUC 0.7111 {'Fitzpatrick17k': 0.711}
fold 1 stage 1 epoch 9: loss 0.5384 inner-val macro-AUC 0.7098 {'Fitzpatrick17k': 0.71}
fold 1 stage 1 epoch 10: loss 0.5176 inner-val macro-AUC 0.7162 {'Fitzpatrick17k': 0.716}
fold 1 stage 1 epoch 11: loss 0.5056 inner-val macro-AUC 0.7167 {'Fitzpatrick17k': 0.717}
fold 1 stage 1 epoch 12: loss 0.4850 inner-val macro-AUC 0.7194 {'Fitzpatrick17k': 0.719}
fold 1 stage 1 epoch 13: loss 0.4703 inner-val macro-AUC 0.7131 {'Fitzpatrick17k': 0.713}
fold 1 stage 1 epoch 14: loss 0.4693 inner-val macro-AUC 0.7159 {'Fitzpatrick17k': 0.716}
fold 1 stage 1 epoch 15: loss 0.4485 inner-val macro-AUC 0.7228 {'Fitzpatrick17k': 0.723}
fold 1 stage 2 epoch 1: loss 0.5002 inner-val macro-AUC 0.7248 {'Fitzpatrick17k': 0.725}
fold 1 stage 2 epoch 2: loss 0.4775 inner-val macro-AUC 0.7280 {'Fitzpatrick17k': 0.728}
fold 1 stage 2 epoch 3: loss 0.4829 inner-val macro-AUC 0.7270 {'Fitzpatrick17k': 0.727}
fold 1 stage 2 epoch 4: loss 0.4696 inner-val macro-AUC 0.7308 {'Fitzpatrick17k': 0.731}
fold 1 stage 2 epoch 5: loss 0.4639 inner-val macro-AUC 0.7297 {'Fitzpatrick17k': 0.73}
fold 1 stage 2 epoch 6: loss 0.4552 inner-val macro-AUC 0.7324 {'Fitzpatrick17k': 0.732}
fold 1 stage 2 epoch 7: loss 0.4625 inner-val macro-AUC 0.7283 {'Fitzpatrick17k': 0.728}
fold 1 stage 2 epoch 8: loss 0.4539 inner-val macro-AUC 0.7335 {'Fitzpatrick17k': 0.733}
fold 1 stage 2 epoch 9: loss 0.4588 inner-val macro-AUC 0.7351 {'Fitzpatrick17k': 0.735}
fold 1 stage 2 epoch 10: loss 0.4532 inner-val macro-AUC 0.7336 {'Fitzpatrick17k': 0.734}
fold 1 stage 2 epoch 11: loss 0.4424 inner-val macro-AUC 0.7320 {'Fitzpatrick17k': 0.732}
fold 1 stage 2 epoch 12: loss 0.4373 inner-val macro-AUC 0.7361 {'Fitzpatrick17k': 0.736}
fold 1 stage 2 epoch 13: loss 0.4217 inner-val macro-AUC 0.7351 {'Fitzpatrick17k': 0.735}
fold 1 stage 2 epoch 14: loss 0.4537 inner-val macro-AUC 0.7338 {'Fitzpatrick17k': 0.734}
fold 1 stage 2 epoch 15: loss 0.4458 inner-val macro-AUC 0.7324 {'Fitzpatrick17k': 0.732}
fold 1 OUTER macro-AUC 0.7057 {'Fitzpatrick17k': 0.7057387057387058}
/Users/tishy/Library/Python/3.9/lib/python/site-packages/sklearn/model_selection/_split.py:1023: UserWarning: The least populated class in y has only 5 members, which is less than n_splits=6.
  warnings.warn(

=== fold 2: inner-train 1164, inner-val 233, outer 351 images ===
fold 2 stage 1 epoch 1: loss 0.7450 inner-val macro-AUC 0.5553 {'Fitzpatrick17k': 0.555}
fold 2 stage 1 epoch 2: loss 0.6842 inner-val macro-AUC 0.5979 {'Fitzpatrick17k': 0.598}
fold 2 stage 1 epoch 3: loss 0.6522 inner-val macro-AUC 0.6256 {'Fitzpatrick17k': 0.626}
fold 2 stage 1 epoch 4: loss 0.6393 inner-val macro-AUC 0.6448 {'Fitzpatrick17k': 0.645}
fold 2 stage 1 epoch 5: loss 0.6230 inner-val macro-AUC 0.6537 {'Fitzpatrick17k': 0.654}
fold 2 stage 1 epoch 6: loss 0.5863 inner-val macro-AUC 0.6701 {'Fitzpatrick17k': 0.67}
fold 2 stage 1 epoch 7: loss 0.5778 inner-val macro-AUC 0.6873 {'Fitzpatrick17k': 0.687}
fold 2 stage 1 epoch 8: loss 0.5496 inner-val macro-AUC 0.6951 {'Fitzpatrick17k': 0.695}
fold 2 stage 1 epoch 9: loss 0.5538 inner-val macro-AUC 0.7083 {'Fitzpatrick17k': 0.708}
fold 2 stage 1 epoch 10: loss 0.5410 inner-val macro-AUC 0.7102 {'Fitzpatrick17k': 0.71}
fold 2 stage 1 epoch 11: loss 0.5227 inner-val macro-AUC 0.7171 {'Fitzpatrick17k': 0.717}
fold 2 stage 1 epoch 12: loss 0.4946 inner-val macro-AUC 0.7245 {'Fitzpatrick17k': 0.725}
fold 2 stage 1 epoch 13: loss 0.4963 inner-val macro-AUC 0.7288 {'Fitzpatrick17k': 0.729}
fold 2 stage 1 epoch 14: loss 0.4761 inner-val macro-AUC 0.7271 {'Fitzpatrick17k': 0.727}
fold 2 stage 1 epoch 15: loss 0.4778 inner-val macro-AUC 0.7322 {'Fitzpatrick17k': 0.732}
fold 2 stage 2 epoch 1: loss 0.4705 inner-val macro-AUC 0.7151 {'Fitzpatrick17k': 0.715}
fold 2 stage 2 epoch 2: loss 0.4877 inner-val macro-AUC 0.7168 {'Fitzpatrick17k': 0.717}
fold 2 stage 2 epoch 3: loss 0.4710 inner-val macro-AUC 0.7151 {'Fitzpatrick17k': 0.715}
fold 2 stage 2 epoch 4: loss 0.4770 inner-val macro-AUC 0.7145 {'Fitzpatrick17k': 0.714}
fold 2 OUTER macro-AUC 0.7476 {'Fitzpatrick17k': 0.7476201532389134}

=== fold 3: inner-train 1165, inner-val 233, outer 350 images ===
fold 3 stage 1 epoch 1: loss 0.7549 inner-val macro-AUC 0.5800 {'Fitzpatrick17k': 0.58}
fold 3 stage 1 epoch 2: loss 0.6951 inner-val macro-AUC 0.6042 {'Fitzpatrick17k': 0.604}
fold 3 stage 1 epoch 3: loss 0.6768 inner-val macro-AUC 0.6244 {'Fitzpatrick17k': 0.624}
fold 3 stage 1 epoch 4: loss 0.6350 inner-val macro-AUC 0.6359 {'Fitzpatrick17k': 0.636}
fold 3 stage 1 epoch 5: loss 0.6286 inner-val macro-AUC 0.6586 {'Fitzpatrick17k': 0.659}
fold 3 stage 1 epoch 6: loss 0.5984 inner-val macro-AUC 0.6789 {'Fitzpatrick17k': 0.679}
fold 3 stage 1 epoch 7: loss 0.5750 inner-val macro-AUC 0.6765 {'Fitzpatrick17k': 0.677}
fold 3 stage 1 epoch 8: loss 0.5658 inner-val macro-AUC 0.6866 {'Fitzpatrick17k': 0.687}
fold 3 stage 1 epoch 9: loss 0.5542 inner-val macro-AUC 0.6991 {'Fitzpatrick17k': 0.699}
fold 3 stage 1 epoch 10: loss 0.5425 inner-val macro-AUC 0.6983 {'Fitzpatrick17k': 0.698}
fold 3 stage 1 epoch 11: loss 0.5276 inner-val macro-AUC 0.7064 {'Fitzpatrick17k': 0.706}
fold 3 stage 1 epoch 12: loss 0.5128 inner-val macro-AUC 0.7153 {'Fitzpatrick17k': 0.715}
fold 3 stage 1 epoch 13: loss 0.4919 inner-val macro-AUC 0.7208 {'Fitzpatrick17k': 0.721}
fold 3 stage 1 epoch 14: loss 0.4862 inner-val macro-AUC 0.7304 {'Fitzpatrick17k': 0.73}
fold 3 stage 1 epoch 15: loss 0.4730 inner-val macro-AUC 0.7317 {'Fitzpatrick17k': 0.732}
fold 3 stage 2 epoch 1: loss 0.4800 inner-val macro-AUC 0.7169 {'Fitzpatrick17k': 0.717}
fold 3 stage 2 epoch 2: loss 0.4890 inner-val macro-AUC 0.7154 {'Fitzpatrick17k': 0.715}
fold 3 stage 2 epoch 3: loss 0.4812 inner-val macro-AUC 0.7203 {'Fitzpatrick17k': 0.72}
fold 3 stage 2 epoch 4: loss 0.4735 inner-val macro-AUC 0.7209 {'Fitzpatrick17k': 0.721}
fold 3 OUTER macro-AUC 0.7713 {'Fitzpatrick17k': 0.7712859492881049}
/Users/tishy/Library/Python/3.9/lib/python/site-packages/sklearn/model_selection/_split.py:1023: UserWarning: The least populated class in y has only 5 members, which is less than n_splits=6.
  warnings.warn(

=== fold 4: inner-train 1166, inner-val 233, outer 349 images ===
fold 4 stage 1 epoch 1: loss 0.7453 inner-val macro-AUC 0.5504 {'Fitzpatrick17k': 0.55}
fold 4 stage 1 epoch 2: loss 0.6621 inner-val macro-AUC 0.5785 {'Fitzpatrick17k': 0.578}
fold 4 stage 1 epoch 3: loss 0.6360 inner-val macro-AUC 0.5828 {'Fitzpatrick17k': 0.583}
fold 4 stage 1 epoch 4: loss 0.6059 inner-val macro-AUC 0.5964 {'Fitzpatrick17k': 0.596}
fold 4 stage 1 epoch 5: loss 0.5827 inner-val macro-AUC 0.6087 {'Fitzpatrick17k': 0.609}
fold 4 stage 1 epoch 6: loss 0.5722 inner-val macro-AUC 0.6018 {'Fitzpatrick17k': 0.602}
fold 4 stage 1 epoch 7: loss 0.5540 inner-val macro-AUC 0.6078 {'Fitzpatrick17k': 0.608}
fold 4 stage 1 epoch 8: loss 0.5338 inner-val macro-AUC 0.6214 {'Fitzpatrick17k': 0.621}
fold 4 stage 1 epoch 9: loss 0.5156 inner-val macro-AUC 0.6175 {'Fitzpatrick17k': 0.617}
fold 4 stage 1 epoch 10: loss 0.5033 inner-val macro-AUC 0.6189 {'Fitzpatrick17k': 0.619}
fold 4 stage 1 epoch 11: loss 0.4755 inner-val macro-AUC 0.6253 {'Fitzpatrick17k': 0.625}
fold 4 stage 1 epoch 12: loss 0.4569 inner-val macro-AUC 0.6229 {'Fitzpatrick17k': 0.623}
fold 4 stage 1 epoch 13: loss 0.4414 inner-val macro-AUC 0.6216 {'Fitzpatrick17k': 0.622}
fold 4 stage 1 epoch 14: loss 0.4407 inner-val macro-AUC 0.6354 {'Fitzpatrick17k': 0.635}
fold 4 stage 1 epoch 15: loss 0.4247 inner-val macro-AUC 0.6326 {'Fitzpatrick17k': 0.633}
fold 4 stage 2 epoch 1: loss 0.4636 inner-val macro-AUC 0.6404 {'Fitzpatrick17k': 0.64}
fold 4 stage 2 epoch 2: loss 0.4528 inner-val macro-AUC 0.6315 {'Fitzpatrick17k': 0.631}
fold 4 stage 2 epoch 3: loss 0.4514 inner-val macro-AUC 0.6334 {'Fitzpatrick17k': 0.633}
fold 4 stage 2 epoch 4: loss 0.4416 inner-val macro-AUC 0.6348 {'Fitzpatrick17k': 0.635}
fold 4 stage 2 epoch 5: loss 0.4529 inner-val macro-AUC 0.6341 {'Fitzpatrick17k': 0.634}
fold 4 OUTER macro-AUC 0.6170 {'Fitzpatrick17k': 0.6169824703617387}
{
  "all": {
    "auc": 0.7021,
    "ci_low": 0.6724,
    "ci_high": 0.7308,
    "n_images": 1748,
    "n_cases": 1747,
    "n_pos": 333
  },
  "zero_shot_all": {
    "auc": 0.5488,
    "ci_low": 0.5132,
    "ci_high": 0.5803,
    "n_images": 1748,
    "n_cases": 1747,
    "n_pos": 333
  },
  "Fitzpatrick17k": {
    "all": {
      "auc": 0.7021,
      "ci_low": 0.6724,
      "ci_high": 0.7308,
      "n_images": 1748,
      "n_cases": 1747,
      "n_pos": 333
    },
    "zero_shot": {
      "auc": 0.5488,
      "ci_low": 0.5132,
      "ci_high": 0.5803,
      "n_images": 1748,
      "n_cases": 1747,
      "n_pos": 333
    },
    "I-II": {
      "auc": 0.7022,
      "ci_low": 0.6617,
      "ci_high": 0.7401,
      "n_images": 876,
      "n_cases": 875,
      "n_pos": 167
    },
    "III-IV": {
      "auc": 0.7061,
      "ci_low": 0.6558,
      "ci_high": 0.761,
      "n_images": 585,
      "n_cases": 585,
      "n_pos": 114
    },
    "V-VI": {
      "auc": 0.6861,
      "ci_low": 0.595,
      "ci_high": 0.7786,
      "n_images": 238,
      "n_cases": 238,
      "n_pos": 45
    }
  },
  "by_fst_all_sources": {
    "I-II": {
      "auc": 0.7022,
      "ci_low": 0.6617,
      "ci_high": 0.7401,
      "n_images": 876,
      "n_cases": 875,
      "n_pos": 167
    },
    "III-IV": {
      "auc": 0.7061,
      "ci_low": 0.6558,
      "ci_high": 0.761,
      "n_images": 585,
      "n_cases": 585,
      "n_pos": 114
    },
    "V-VI": {
      "auc": 0.6861,
      "ci_low": 0.595,
      "ci_high": 0.7786,
      "n_images": 238,
      "n_cases": 238,
      "n_pos": 45
    }
  }
}
per-fold macro-AUC mean 0.7088 sd 0.0527
