device mps; development set 1748 images, 1747 groups; sources ['Fitzpatrick17k']
/Users/tishy/Library/Python/3.9/lib/python/site-packages/sklearn/model_selection/_split.py:1023: UserWarning: The least populated class in y has only 4 members, which is less than n_splits=6.
  warnings.warn(

=== fold 0: inner-train 1166, inner-val 233, outer 349 images ===
fold 0 stage 1 epoch 1: loss 0.7038 inner-val macro-AUC 0.6982 {'Fitzpatrick17k': 0.698}
fold 0 stage 1 epoch 2: loss 0.6140 inner-val macro-AUC 0.7263 {'Fitzpatrick17k': 0.726}
fold 0 stage 1 epoch 3: loss 0.5653 inner-val macro-AUC 0.7581 {'Fitzpatrick17k': 0.758}
fold 0 stage 1 epoch 4: loss 0.5199 inner-val macro-AUC 0.7708 {'Fitzpatrick17k': 0.771}
fold 0 stage 1 epoch 5: loss 0.4929 inner-val macro-AUC 0.7857 {'Fitzpatrick17k': 0.786}
fold 0 stage 1 epoch 6: loss 0.4491 inner-val macro-AUC 0.7946 {'Fitzpatrick17k': 0.795}
fold 0 stage 1 epoch 7: loss 0.4199 inner-val macro-AUC 0.8005 {'Fitzpatrick17k': 0.8}
fold 0 stage 1 epoch 8: loss 0.3806 inner-val macro-AUC 0.8087 {'Fitzpatrick17k': 0.809}
fold 0 stage 1 epoch 9: loss 0.3675 inner-val macro-AUC 0.8003 {'Fitzpatrick17k': 0.8}
fold 0 stage 1 epoch 10: loss 0.3333 inner-val macro-AUC 0.8056 {'Fitzpatrick17k': 0.806}
fold 0 stage 1 epoch 11: loss 0.3070 inner-val macro-AUC 0.7998 {'Fitzpatrick17k': 0.8}
fold 0 stage 1 epoch 12: loss 0.2698 inner-val macro-AUC 0.7980 {'Fitzpatrick17k': 0.798}
fold 0 stage 2 epoch 1: loss 0.4555 inner-val macro-AUC 0.7445 {'Fitzpatrick17k': 0.744}
fold 0 stage 2 epoch 2: loss 0.4408 inner-val macro-AUC 0.7514 {'Fitzpatrick17k': 0.751}
fold 0 stage 2 epoch 3: loss 0.4302 inner-val macro-AUC 0.7504 {'Fitzpatrick17k': 0.75}
fold 0 stage 2 epoch 4: loss 0.4323 inner-val macro-AUC 0.7555 {'Fitzpatrick17k': 0.756}
fold 0 OUTER macro-AUC 0.7301 {'Fitzpatrick17k': 0.7301453352086262}

=== fold 1: inner-train 1166, inner-val 233, outer 349 images ===
fold 1 stage 1 epoch 1: loss 0.7059 inner-val macro-AUC 0.7218 {'Fitzpatrick17k': 0.722}
fold 1 stage 1 epoch 2: loss 0.6056 inner-val macro-AUC 0.7226 {'Fitzpatrick17k': 0.723}
fold 1 stage 1 epoch 3: loss 0.5543 inner-val macro-AUC 0.7366 {'Fitzpatrick17k': 0.737}
fold 1 stage 1 epoch 4: loss 0.5110 inner-val macro-AUC 0.7339 {'Fitzpatrick17k': 0.734}
fold 1 stage 1 epoch 5: loss 0.4675 inner-val macro-AUC 0.7351 {'Fitzpatrick17k': 0.735}
fold 1 stage 1 epoch 6: loss 0.4456 inner-val macro-AUC 0.7247 {'Fitzpatrick17k': 0.725}
fold 1 stage 1 epoch 7: loss 0.4082 inner-val macro-AUC 0.7278 {'Fitzpatrick17k': 0.728}
fold 1 stage 2 epoch 1: loss 0.5480 inner-val macro-AUC 0.7491 {'Fitzpatrick17k': 0.749}
fold 1 stage 2 epoch 2: loss 0.5386 inner-val macro-AUC 0.7455 {'Fitzpatrick17k': 0.745}
fold 1 stage 2 epoch 3: loss 0.5560 inner-val macro-AUC 0.7486 {'Fitzpatrick17k': 0.749}
fold 1 stage 2 epoch 4: loss 0.5460 inner-val macro-AUC 0.7495 {'Fitzpatrick17k': 0.749}
fold 1 stage 2 epoch 5: loss 0.5243 inner-val macro-AUC 0.7461 {'Fitzpatrick17k': 0.746}
fold 1 stage 2 epoch 6: loss 0.5306 inner-val macro-AUC 0.7427 {'Fitzpatrick17k': 0.743}
fold 1 stage 2 epoch 7: loss 0.5374 inner-val macro-AUC 0.7472 {'Fitzpatrick17k': 0.747}
fold 1 stage 2 epoch 8: loss 0.5275 inner-val macro-AUC 0.7483 {'Fitzpatrick17k': 0.748}
fold 1 OUTER macro-AUC 0.6398 {'Fitzpatrick17k': 0.6398046398046398}
/Users/tishy/Library/Python/3.9/lib/python/site-packages/sklearn/model_selection/_split.py:1023: UserWarning: The least populated class in y has only 5 members, which is less than n_splits=6.
  warnings.warn(

=== fold 2: inner-train 1164, inner-val 233, outer 351 images ===
fold 2 stage 1 epoch 1: loss 0.6954 inner-val macro-AUC 0.6278 {'Fitzpatrick17k': 0.628}
fold 2 stage 1 epoch 2: loss 0.6060 inner-val macro-AUC 0.6609 {'Fitzpatrick17k': 0.661}
fold 2 stage 1 epoch 3: loss 0.5758 inner-val macro-AUC 0.6812 {'Fitzpatrick17k': 0.681}
fold 2 stage 1 epoch 4: loss 0.5019 inner-val macro-AUC 0.6894 {'Fitzpatrick17k': 0.689}
fold 2 stage 1 epoch 5: loss 0.4999 inner-val macro-AUC 0.6990 {'Fitzpatrick17k': 0.699}
fold 2 stage 1 epoch 6: loss 0.4646 inner-val macro-AUC 0.6933 {'Fitzpatrick17k': 0.693}
fold 2 stage 1 epoch 7: loss 0.4172 inner-val macro-AUC 0.7092 {'Fitzpatrick17k': 0.709}
fold 2 stage 1 epoch 8: loss 0.3821 inner-val macro-AUC 0.7086 {'Fitzpatrick17k': 0.709}
fold 2 stage 1 epoch 9: loss 0.3583 inner-val macro-AUC 0.7107 {'Fitzpatrick17k': 0.711}
fold 2 stage 1 epoch 10: loss 0.3291 inner-val macro-AUC 0.7042 {'Fitzpatrick17k': 0.704}
fold 2 stage 1 epoch 11: loss 0.3055 inner-val macro-AUC 0.6987 {'Fitzpatrick17k': 0.699}
fold 2 stage 1 epoch 12: loss 0.2837 inner-val macro-AUC 0.7032 {'Fitzpatrick17k': 0.703}
fold 2 stage 1 epoch 13: loss 0.2524 inner-val macro-AUC 0.7060 {'Fitzpatrick17k': 0.706}
fold 2 stage 2 epoch 1: loss 0.4384 inner-val macro-AUC 0.6948 {'Fitzpatrick17k': 0.695}
fold 2 stage 2 epoch 2: loss 0.4082 inner-val macro-AUC 0.6966 {'Fitzpatrick17k': 0.697}
fold 2 stage 2 epoch 3: loss 0.3990 inner-val macro-AUC 0.7048 {'Fitzpatrick17k': 0.705}
fold 2 stage 2 epoch 4: loss 0.3685 inner-val macro-AUC 0.7046 {'Fitzpatrick17k': 0.705}
fold 2 OUTER macro-AUC 0.7892 {'Fitzpatrick17k': 0.7892384490364523}

=== fold 3: inner-train 1165, inner-val 233, outer 350 images ===
fold 3 stage 1 epoch 1: loss 0.7005 inner-val macro-AUC 0.6790 {'Fitzpatrick17k': 0.679}
fold 3 stage 1 epoch 2: loss 0.6188 inner-val macro-AUC 0.7153 {'Fitzpatrick17k': 0.715}
fold 3 stage 1 epoch 3: loss 0.5559 inner-val macro-AUC 0.7331 {'Fitzpatrick17k': 0.733}
fold 3 stage 1 epoch 4: loss 0.5160 inner-val macro-AUC 0.7575 {'Fitzpatrick17k': 0.758}
fold 3 stage 1 epoch 5: loss 0.4857 inner-val macro-AUC 0.7715 {'Fitzpatrick17k': 0.772}
fold 3 stage 1 epoch 6: loss 0.4368 inner-val macro-AUC 0.7749 {'Fitzpatrick17k': 0.775}
fold 3 stage 1 epoch 7: loss 0.4128 inner-val macro-AUC 0.7871 {'Fitzpatrick17k': 0.787}
fold 3 stage 1 epoch 8: loss 0.3976 inner-val macro-AUC 0.7949 {'Fitzpatrick17k': 0.795}
fold 3 stage 1 epoch 9: loss 0.3643 inner-val macro-AUC 0.8068 {'Fitzpatrick17k': 0.807}
fold 3 stage 1 epoch 10: loss 0.3345 inner-val macro-AUC 0.8063 {'Fitzpatrick17k': 0.806}
fold 3 stage 1 epoch 11: loss 0.2912 inner-val macro-AUC 0.8106 {'Fitzpatrick17k': 0.811}
fold 3 stage 1 epoch 12: loss 0.2841 inner-val macro-AUC 0.8084 {'Fitzpatrick17k': 0.808}
fold 3 stage 1 epoch 13: loss 0.2485 inner-val macro-AUC 0.8003 {'Fitzpatrick17k': 0.8}
fold 3 stage 1 epoch 14: loss 0.2257 inner-val macro-AUC 0.8039 {'Fitzpatrick17k': 0.804}
fold 3 stage 1 epoch 15: loss 0.2065 inner-val macro-AUC 0.8083 {'Fitzpatrick17k': 0.808}
fold 3 stage 2 epoch 1: loss 0.4077 inner-val macro-AUC 0.7943 {'Fitzpatrick17k': 0.794}
fold 3 stage 2 epoch 2: loss 0.3984 inner-val macro-AUC 0.8028 {'Fitzpatrick17k': 0.803}
fold 3 stage 2 epoch 3: loss 0.3898 inner-val macro-AUC 0.7978 {'Fitzpatrick17k': 0.798}
fold 3 stage 2 epoch 4: loss 0.3618 inner-val macro-AUC 0.8074 {'Fitzpatrick17k': 0.807}
fold 3 OUTER macro-AUC 0.7590 {'Fitzpatrick17k': 0.7590334108571103}
/Users/tishy/Library/Python/3.9/lib/python/site-packages/sklearn/model_selection/_split.py:1023: UserWarning: The least populated class in y has only 5 members, which is less than n_splits=6.
  warnings.warn(

=== fold 4: inner-train 1166, inner-val 233, outer 349 images ===
fold 4 stage 1 epoch 1: loss 0.6948 inner-val macro-AUC 0.6456 {'Fitzpatrick17k': 0.646}
fold 4 stage 1 epoch 2: loss 0.5929 inner-val macro-AUC 0.6683 {'Fitzpatrick17k': 0.668}
fold 4 stage 1 epoch 3: loss 0.5548 inner-val macro-AUC 0.6873 {'Fitzpatrick17k': 0.687}
fold 4 stage 1 epoch 4: loss 0.5062 inner-val macro-AUC 0.6917 {'Fitzpatrick17k': 0.692}
fold 4 stage 1 epoch 5: loss 0.4780 inner-val macro-AUC 0.6863 {'Fitzpatrick17k': 0.686}
fold 4 stage 1 epoch 6: loss 0.4309 inner-val macro-AUC 0.6991 {'Fitzpatrick17k': 0.699}
fold 4 stage 1 epoch 7: loss 0.4083 inner-val macro-AUC 0.7051 {'Fitzpatrick17k': 0.705}
fold 4 stage 1 epoch 8: loss 0.3571 inner-val macro-AUC 0.7078 {'Fitzpatrick17k': 0.708}
fold 4 stage 1 epoch 9: loss 0.3267 inner-val macro-AUC 0.7003 {'Fitzpatrick17k': 0.7}
fold 4 stage 1 epoch 10: loss 0.3236 inner-val macro-AUC 0.6979 {'Fitzpatrick17k': 0.698}
fold 4 stage 1 epoch 11: loss 0.2764 inner-val macro-AUC 0.6939 {'Fitzpatrick17k': 0.694}
fold 4 stage 1 epoch 12: loss 0.2517 inner-val macro-AUC 0.7091 {'Fitzpatrick17k': 0.709}
fold 4 stage 1 epoch 13: loss 0.2265 inner-val macro-AUC 0.7073 {'Fitzpatrick17k': 0.707}
fold 4 stage 1 epoch 14: loss 0.2007 inner-val macro-AUC 0.7041 {'Fitzpatrick17k': 0.704}
fold 4 stage 1 epoch 15: loss 0.2100 inner-val macro-AUC 0.7100 {'Fitzpatrick17k': 0.71}
fold 4 stage 2 epoch 1: loss 0.3090 inner-val macro-AUC 0.6758 {'Fitzpatrick17k': 0.676}
fold 4 stage 2 epoch 2: loss 0.2935 inner-val macro-AUC 0.6865 {'Fitzpatrick17k': 0.687}
fold 4 stage 2 epoch 3: loss 0.2807 inner-val macro-AUC 0.6838 {'Fitzpatrick17k': 0.684}
fold 4 stage 2 epoch 4: loss 0.2612 inner-val macro-AUC 0.6873 {'Fitzpatrick17k': 0.687}
fold 4 OUTER macro-AUC 0.7310 {'Fitzpatrick17k': 0.731026446448475}
{
  "all": {
    "auc": 0.7265,
    "ci_low": 0.6976,
    "ci_high": 0.7561,
    "n_images": 1748,
    "n_cases": 1747,
    "n_pos": 333
  },
  "zero_shot_all": {
    "auc": 0.6004,
    "ci_low": 0.5656,
    "ci_high": 0.6337,
    "n_images": 1748,
    "n_cases": 1747,
    "n_pos": 333
  },
  "Fitzpatrick17k": {
    "all": {
      "auc": 0.7265,
      "ci_low": 0.6976,
      "ci_high": 0.7561,
      "n_images": 1748,
      "n_cases": 1747,
      "n_pos": 333
    },
    "zero_shot": {
      "auc": 0.6004,
      "ci_low": 0.5656,
      "ci_high": 0.6337,
      "n_images": 1748,
      "n_cases": 1747,
      "n_pos": 333
    },
    "I-II": {
      "auc": 0.7221,
      "ci_low": 0.679,
      "ci_high": 0.7654,
      "n_images": 876,
      "n_cases": 875,
      "n_pos": 167
    },
    "III-IV": {
      "auc": 0.7461,
      "ci_low": 0.6944,
      "ci_high": 0.796,
      "n_images": 585,
      "n_cases": 585,
      "n_pos": 114
    },
    "V-VI": {
      "auc": 0.6762,
      "ci_low": 0.5889,
      "ci_high": 0.7617,
      "n_images": 238,
      "n_cases": 238,
      "n_pos": 45
    }
  },
  "by_fst_all_sources": {
    "I-II": {
      "auc": 0.7221,
      "ci_low": 0.679,
      "ci_high": 0.7654,
      "n_images": 876,
      "n_cases": 875,
      "n_pos": 167
    },
    "III-IV": {
      "auc": 0.7461,
      "ci_low": 0.6944,
      "ci_high": 0.796,
      "n_images": 585,
      "n_cases": 585,
      "n_pos": 114
    },
    "V-VI": {
      "auc": 0.6762,
      "ci_low": 0.5889,
      "ci_high": 0.7617,
      "n_images": 238,
      "n_cases": 238,
      "n_pos": 45
    }
  }
}
per-fold macro-AUC mean 0.7298 sd 0.05
